******************************************************************************
                  TI ARM Linker PC v20.2.5                     
******************************************************************************
>> Linked Thu Dec 30 21:25:07 2021

OUTPUT FILE NAME:   <Breathalyzer.out>
ENTRY POINT SYMBOL: "_c_int00_noargs"  address: 000007dd


MEMORY CONFIGURATION

         name            origin    length      used     unused   attr    fill
----------------------  --------  ---------  --------  --------  ----  --------
  MAIN                  00000000   00040000  00000850  0003f7b0  R  X
  INFO                  00200000   00004000  00000000  00004000  R  X
  SRAM_CODE             01000000   00010000  00000206  0000fdfa  RW X
  SRAM_DATA             20000000   00010000  00000206  0000fdfa  RW  


SEGMENT ALLOCATION MAP

run origin  load origin   length   init length attrs members
----------  ----------- ---------- ----------- ----- -------
00000000    00000000    00000854   00000854    r-x
  00000000    00000000    000000e4   000000e4    r-- .intvecs
  000000e4    000000e4    00000750   00000750    r-x .text
  00000838    00000838    0000001c   0000001c    r-- .cinit
20000000    20000000    00000006   00000000    rw-
  20000000    20000000    00000006   00000000    rw- .data
2000fe00    2000fe00    00000200   00000000    rw-
  2000fe00    2000fe00    00000200   00000000    rw- .stack


SECTION ALLOCATION MAP

 output                                  attributes/
section   page    origin      length       input sections
--------  ----  ----------  ----------   ----------------
.intvecs   0    00000000    000000e4     
                  00000000    000000e4     startup_msp432p401r_ccs.obj (.intvecs:retain)

.text      0    000000e4    00000750     
                  000000e4    00000334     system_msp432p401r.obj (.text)
                  00000418    0000027c     main.obj (.text)
                  00000694    0000009c     rtsv7M4_T_le_v4SPD16_eabi.lib : memcpy_t2.asm.obj (.text)
                  00000730    00000068                                   : copy_decompress_lzss.c.obj (.text:decompress:lzss:__TI_decompress_lzss)
                  00000798    00000044                                   : autoinit.c.obj (.text:__TI_auto_init_nobinit_nopinit:__TI_auto_init_nobinit_nopinit)
                  000007dc    00000034                                   : boot_cortex_m.c.obj (.text:_c_int00_noargs:_c_int00_noargs)
                  00000810    0000000e                                   : copy_decompress_none.c.obj (.text:decompress:none:__TI_decompress_none)
                  0000081e    0000000e     startup_msp432p401r_ccs.obj (.text)
                  0000082c    00000004     rtsv7M4_T_le_v4SPD16_eabi.lib : pre_init.c.obj (.text:_system_pre_init)
                  00000830    00000004                                   : exit.c.obj (.text:abort:abort)

.cinit     0    00000838    0000001c     
                  00000838    0000000a     (.cinit..data.load) [load image, compression = lzss]
                  00000842    00000002     --HOLE-- [fill = 0]
                  00000844    00000008     (__TI_handler_table)
                  0000084c    00000008     (__TI_cinit_table)

.init_array 
*          0    00000000    00000000     UNINITIALIZED

.binit     0    00000000    00000000     

.data      0    20000000    00000006     UNINITIALIZED
                  20000000    00000004     system_msp432p401r.obj (.data)
                  20000004    00000002     main.obj (.data)

.stack     0    2000fe00    00000200     UNINITIALIZED
                  2000fe00    00000004     rtsv7M4_T_le_v4SPD16_eabi.lib : boot_cortex_m.c.obj (.stack)
                  2000fe04    000001fc     --HOLE--

__llvm_prf_cnts 
*          0    20000000    00000000     UNINITIALIZED

MODULE SUMMARY

       Module                        code   ro data   rw data
       ------                        ----   -------   -------
    .\
       system_msp432p401r.obj        820    0         8      
       main.obj                      636    0         4      
       startup_msp432p401r_ccs.obj   14     228       0      
    +--+-----------------------------+------+---------+---------+
       Total:                        1470   228       12     
                                                             
    C:\ti\ccs1100\ccs\tools\compiler\ti-cgt-arm_20.2.5.LTS\lib\rtsv7M4_T_le_v4SPD16_eabi.lib
       memcpy_t2.asm.obj             156    0         0      
       copy_decompress_lzss.c.obj    104    0         0      
       autoinit.c.obj                68     0         0      
       boot_cortex_m.c.obj           52     0         0      
       copy_decompress_none.c.obj    14     0         0      
       exit.c.obj                    4      0         0      
       pre_init.c.obj                4      0         0      
    +--+-----------------------------+------+---------+---------+
       Total:                        402    0         0      
                                                             
       Stack:                        0      0         1024   
       Linker Generated:             0      26        0      
    +--+-----------------------------+------+---------+---------+
       Grand Total:                  1872   254       1036   


LINKER GENERATED COPY TABLES

__TI_cinit_table @ 0000084c records: 1, size/record: 8, table size: 8
	.data: load addr=00000838, load size=0000000a bytes, run addr=20000000, run size=00000006 bytes, compression=lzss


LINKER GENERATED HANDLER TABLE

__TI_handler_table @ 00000844 records: 2, size/record: 4, table size: 8
	index: 0, handler: __TI_decompress_lzss
	index: 1, handler: __TI_decompress_none


GLOBAL SYMBOLS: SORTED ALPHABETICALLY BY Name 

address   name                          
-------   ----                          
000005d1  ADC14_IRQHandler              
000005d1  ADC14_IRQHandler              
0000082b  AES256_IRQHandler             
0000082b  BusFault_Handler              
00000831  C$$EXIT                       
0000082b  COMP_E0_IRQHandler            
0000082b  COMP_E1_IRQHandler            
0000082b  CS_IRQHandler                 
0000082b  DMA_ERR_IRQHandler            
0000082b  DMA_INT0_IRQHandler           
0000082b  DMA_INT1_IRQHandler           
0000082b  DMA_INT2_IRQHandler           
0000082b  DMA_INT3_IRQHandler           
0000082b  DebugMon_Handler              
0000082b  Default_Handler               
0000082b  EUSCIA0_IRQHandler            
0000082b  EUSCIA1_IRQHandler            
0000082b  EUSCIA2_IRQHandler            
0000082b  EUSCIA3_IRQHandler            
0000082b  EUSCIB0_IRQHandler            
0000082b  EUSCIB1_IRQHandler            
0000082b  EUSCIB2_IRQHandler            
0000082b  EUSCIB3_IRQHandler            
0000082b  FLCTL_IRQHandler              
0000082b  FPU_IRQHandler                
0000082b  HardFault_Handler             
0000082b  MemManage_Handler             
0000082b  NMI_Handler                   
0000082b  PCM_IRQHandler                
0000082b  PORT1_IRQHandler              
0000082b  PORT2_IRQHandler              
0000082b  PORT3_IRQHandler              
0000082b  PORT4_IRQHandler              
000005f1  PORT5_IRQHandler              
000005f1  PORT5_IRQHandler              
0000082b  PORT6_IRQHandler              
0000082b  PSS_IRQHandler                
0000082b  PendSV_Handler                
0000082b  RTC_C_IRQHandler              
0000081f  Reset_Handler                 
0000082b  SVC_Handler                   
0000082b  SysTick_Handler               
20000000  SystemCoreClock               
000000e5  SystemCoreClockUpdate         
0000035d  SystemInit                    
0000082b  T32_INT1_IRQHandler           
0000082b  T32_INT2_IRQHandler           
0000082b  T32_INTC_IRQHandler           
0000082b  TA0_0_IRQHandler              
0000058f  TA0_IRQHandler                
0000082b  TA0_N_IRQHandler              
0000082b  TA1_0_IRQHandler              
0000082b  TA1_N_IRQHandler              
0000082b  TA2_0_IRQHandler              
0000082b  TA2_N_IRQHandler              
0000082b  TA3_0_IRQHandler              
0000082b  TA3_N_IRQHandler              
0000082b  UsageFault_Handler            
4000480c  WDTCTL_SYM                    
0000082b  WDT_A_IRQHandler              
20010000  __STACK_END                   
00000200  __STACK_SIZE                  
0000084c  __TI_CINIT_Base               
00000854  __TI_CINIT_Limit              
00000844  __TI_Handler_Table_Base       
0000084c  __TI_Handler_Table_Limit      
00000799  __TI_auto_init_nobinit_nopinit
00000731  __TI_decompress_lzss          
00000811  __TI_decompress_none          
ffffffff  __TI_pprof_out_hndl           
ffffffff  __TI_prof_data_size           
ffffffff  __TI_prof_data_start          
00000000  __TI_static_base__            
00000695  __aeabi_memcpy                
00000695  __aeabi_memcpy4               
00000695  __aeabi_memcpy8               
ffffffff  __binit__                     
ffffffff  __c_args__                    
UNDEFED   __mpu_init                    
2000fe00  __stack                       
20000000  __start___llvm_prf_cnts       
20000000  __stop___llvm_prf_cnts        
000007dd  _c_int00_noargs               
UNDEFED   _system_post_cinit            
0000082d  _system_pre_init              
00000831  abort                         
ffffffff  binit                         
20000004  exceedThreshold               
00000000  interruptVectors              
00000419  main                          
00000695  memcpy                        
20000005  tic                           


GLOBAL SYMBOLS: SORTED BY Symbol Address 

address   name                          
-------   ----                          
00000000  __TI_static_base__            
00000000  interruptVectors              
000000e5  SystemCoreClockUpdate         
00000200  __STACK_SIZE                  
0000035d  SystemInit                    
00000419  main                          
0000058f  TA0_IRQHandler                
000005d1  ADC14_IRQHandler              
000005d1  ADC14_IRQHandler              
000005f1  PORT5_IRQHandler              
000005f1  PORT5_IRQHandler              
00000695  __aeabi_memcpy                
00000695  __aeabi_memcpy4               
00000695  __aeabi_memcpy8               
00000695  memcpy                        
00000731  __TI_decompress_lzss          
00000799  __TI_auto_init_nobinit_nopinit
000007dd  _c_int00_noargs               
00000811  __TI_decompress_none          
0000081f  Reset_Handler                 
0000082b  AES256_IRQHandler             
0000082b  BusFault_Handler              
0000082b  COMP_E0_IRQHandler            
0000082b  COMP_E1_IRQHandler            
0000082b  CS_IRQHandler                 
0000082b  DMA_ERR_IRQHandler            
0000082b  DMA_INT0_IRQHandler           
0000082b  DMA_INT1_IRQHandler           
0000082b  DMA_INT2_IRQHandler           
0000082b  DMA_INT3_IRQHandler           
0000082b  DebugMon_Handler              
0000082b  Default_Handler               
0000082b  EUSCIA0_IRQHandler            
0000082b  EUSCIA1_IRQHandler            
0000082b  EUSCIA2_IRQHandler            
0000082b  EUSCIA3_IRQHandler            
0000082b  EUSCIB0_IRQHandler            
0000082b  EUSCIB1_IRQHandler            
0000082b  EUSCIB2_IRQHandler            
0000082b  EUSCIB3_IRQHandler            
0000082b  FLCTL_IRQHandler              
0000082b  FPU_IRQHandler                
0000082b  HardFault_Handler             
0000082b  MemManage_Handler             
0000082b  NMI_Handler                   
0000082b  PCM_IRQHandler                
0000082b  PORT1_IRQHandler              
0000082b  PORT2_IRQHandler              
0000082b  PORT3_IRQHandler              
0000082b  PORT4_IRQHandler              
0000082b  PORT6_IRQHandler              
0000082b  PSS_IRQHandler                
0000082b  PendSV_Handler                
0000082b  RTC_C_IRQHandler              
0000082b  SVC_Handler                   
0000082b  SysTick_Handler               
0000082b  T32_INT1_IRQHandler           
0000082b  T32_INT2_IRQHandler           
0000082b  T32_INTC_IRQHandler           
0000082b  TA0_0_IRQHandler              
0000082b  TA0_N_IRQHandler              
0000082b  TA1_0_IRQHandler              
0000082b  TA1_N_IRQHandler              
0000082b  TA2_0_IRQHandler              
0000082b  TA2_N_IRQHandler              
0000082b  TA3_0_IRQHandler              
0000082b  TA3_N_IRQHandler              
0000082b  UsageFault_Handler            
0000082b  WDT_A_IRQHandler              
0000082d  _system_pre_init              
00000831  C$$EXIT                       
00000831  abort                         
00000844  __TI_Handler_Table_Base       
0000084c  __TI_CINIT_Base               
0000084c  __TI_Handler_Table_Limit      
00000854  __TI_CINIT_Limit              
20000000  SystemCoreClock               
20000000  __start___llvm_prf_cnts       
20000000  __stop___llvm_prf_cnts        
20000004  exceedThreshold               
20000005  tic                           
2000fe00  __stack                       
20010000  __STACK_END                   
4000480c  WDTCTL_SYM                    
ffffffff  __TI_pprof_out_hndl           
ffffffff  __TI_prof_data_size           
ffffffff  __TI_prof_data_start          
ffffffff  __binit__                     
ffffffff  __c_args__                    
ffffffff  binit                         
UNDEFED   __mpu_init                    
UNDEFED   _system_post_cinit            

[92 symbols]
