******************************************************************************
                  TI ARM Linker PC v20.2.5                     
******************************************************************************
>> Linked Thu Dec 30 23:47:33 2021

OUTPUT FILE NAME:   <Breathalyzer.out>
ENTRY POINT SYMBOL: "_c_int00_noargs"  address: 0000080d


MEMORY CONFIGURATION

         name            origin    length      used     unused   attr    fill
----------------------  --------  ---------  --------  --------  ----  --------
  MAIN                  00000000   00040000  00000884  0003f77c  R  X
  INFO                  00200000   00004000  00000000  00004000  R  X
  SRAM_CODE             01000000   00010000  00000208  0000fdf8  RW X
  SRAM_DATA             20000000   00010000  00000208  0000fdf8  RW  


SEGMENT ALLOCATION MAP

run origin  load origin   length   init length attrs members
----------  ----------- ---------- ----------- ----- -------
00000000    00000000    00000888   00000888    r-x
  00000000    00000000    000000e4   000000e4    r-- .intvecs
  000000e4    000000e4    00000780   00000780    r-x .text
  00000868    00000868    00000020   00000020    r-- .cinit
20000000    20000000    00000008   00000000    rw-
  20000000    20000000    00000008   00000000    rw- .data
2000fe00    2000fe00    00000200   00000000    rw-
  2000fe00    2000fe00    00000200   00000000    rw- .stack


SECTION ALLOCATION MAP

 output                                  attributes/
section   page    origin      length       input sections
--------  ----  ----------  ----------   ----------------
.intvecs   0    00000000    000000e4     
                  00000000    000000e4     startup_msp432p401r_ccs.obj (.intvecs:retain)

.text      0    000000e4    00000780     
                  000000e4    00000334     system_msp432p401r.obj (.text)
                  00000418    000002ac     main.obj (.text)
                  000006c4    0000009c     rtsv7M4_T_le_v4SPD16_eabi.lib : memcpy_t2.asm.obj (.text)
                  00000760    00000068                                   : copy_decompress_lzss.c.obj (.text:decompress:lzss:__TI_decompress_lzss)
                  000007c8    00000044                                   : autoinit.c.obj (.text:__TI_auto_init_nobinit_nopinit:__TI_auto_init_nobinit_nopinit)
                  0000080c    00000034                                   : boot_cortex_m.c.obj (.text:_c_int00_noargs:_c_int00_noargs)
                  00000840    0000000e                                   : copy_decompress_none.c.obj (.text:decompress:none:__TI_decompress_none)
                  0000084e    0000000e     startup_msp432p401r_ccs.obj (.text)
                  0000085c    00000004     rtsv7M4_T_le_v4SPD16_eabi.lib : pre_init.c.obj (.text:_system_pre_init)
                  00000860    00000004                                   : exit.c.obj (.text:abort:abort)

.cinit     0    00000868    00000020     
                  00000868    0000000d     (.cinit..data.load) [load image, compression = lzss]
                  00000875    00000003     --HOLE-- [fill = 0]
                  00000878    00000008     (__TI_handler_table)
                  00000880    00000008     (__TI_cinit_table)

.init_array 
*          0    00000000    00000000     UNINITIALIZED

.binit     0    00000000    00000000     

.data      0    20000000    00000008     UNINITIALIZED
                  20000000    00000004     main.obj (.data)
                  20000004    00000004     system_msp432p401r.obj (.data)

.stack     0    2000fe00    00000200     UNINITIALIZED
                  2000fe00    00000004     rtsv7M4_T_le_v4SPD16_eabi.lib : boot_cortex_m.c.obj (.stack)
                  2000fe04    000001fc     --HOLE--

__llvm_prf_cnts 
*          0    20000000    00000000     UNINITIALIZED

MODULE SUMMARY

       Module                        code   ro data   rw data
       ------                        ----   -------   -------
    .\
       system_msp432p401r.obj        820    0         8      
       main.obj                      684    0         8      
       startup_msp432p401r_ccs.obj   14     228       0      
    +--+-----------------------------+------+---------+---------+
       Total:                        1518   228       16     
                                                             
    C:\ti\ccs1100\ccs\tools\compiler\ti-cgt-arm_20.2.5.LTS\lib\rtsv7M4_T_le_v4SPD16_eabi.lib
       memcpy_t2.asm.obj             156    0         0      
       copy_decompress_lzss.c.obj    104    0         0      
       autoinit.c.obj                68     0         0      
       boot_cortex_m.c.obj           52     0         0      
       copy_decompress_none.c.obj    14     0         0      
       exit.c.obj                    4      0         0      
       pre_init.c.obj                4      0         0      
    +--+-----------------------------+------+---------+---------+
       Total:                        402    0         0      
                                                             
       Stack:                        0      0         1024   
       Linker Generated:             0      29        0      
    +--+-----------------------------+------+---------+---------+
       Grand Total:                  1920   257       1040   


LINKER GENERATED COPY TABLES

__TI_cinit_table @ 00000880 records: 1, size/record: 8, table size: 8
	.data: load addr=00000868, load size=0000000d bytes, run addr=20000000, run size=00000008 bytes, compression=lzss


LINKER GENERATED HANDLER TABLE

__TI_handler_table @ 00000878 records: 2, size/record: 4, table size: 8
	index: 0, handler: __TI_decompress_lzss
	index: 1, handler: __TI_decompress_none


GLOBAL SYMBOLS: SORTED ALPHABETICALLY BY Name 

address   name                          
-------   ----                          
000005f1  ADC14_IRQHandler              
000005f1  ADC14_IRQHandler              
0000085b  AES256_IRQHandler             
0000085b  BusFault_Handler              
00000861  C$$EXIT                       
0000085b  COMP_E0_IRQHandler            
0000085b  COMP_E1_IRQHandler            
0000085b  CS_IRQHandler                 
0000085b  DMA_ERR_IRQHandler            
0000085b  DMA_INT0_IRQHandler           
0000085b  DMA_INT1_IRQHandler           
0000085b  DMA_INT2_IRQHandler           
0000085b  DMA_INT3_IRQHandler           
0000085b  DebugMon_Handler              
0000085b  Default_Handler               
0000085b  EUSCIA0_IRQHandler            
0000085b  EUSCIA1_IRQHandler            
0000085b  EUSCIA2_IRQHandler            
0000085b  EUSCIA3_IRQHandler            
0000085b  EUSCIB0_IRQHandler            
0000085b  EUSCIB1_IRQHandler            
0000085b  EUSCIB2_IRQHandler            
0000085b  EUSCIB3_IRQHandler            
0000085b  FLCTL_IRQHandler              
0000085b  FPU_IRQHandler                
0000085b  HardFault_Handler             
0000085b  MemManage_Handler             
0000085b  NMI_Handler                   
0000085b  PCM_IRQHandler                
0000085b  PORT1_IRQHandler              
0000085b  PORT2_IRQHandler              
0000085b  PORT3_IRQHandler              
0000085b  PORT4_IRQHandler              
00000613  PORT5_IRQHandler              
00000613  PORT5_IRQHandler              
0000085b  PORT6_IRQHandler              
0000085b  PSS_IRQHandler                
0000085b  PendSV_Handler                
0000085b  RTC_C_IRQHandler              
0000084f  Reset_Handler                 
0000085b  SVC_Handler                   
0000085b  SysTick_Handler               
20000004  SystemCoreClock               
000000e5  SystemCoreClockUpdate         
0000035d  SystemInit                    
0000085b  T32_INT1_IRQHandler           
0000085b  T32_INT2_IRQHandler           
0000085b  T32_INTC_IRQHandler           
000005a1  TA0_0_IRQHandler              
000005a1  TA0_0_IRQHandler              
0000085b  TA0_N_IRQHandler              
0000085b  TA1_0_IRQHandler              
0000085b  TA1_N_IRQHandler              
0000085b  TA2_0_IRQHandler              
0000085b  TA2_N_IRQHandler              
0000085b  TA3_0_IRQHandler              
0000085b  TA3_N_IRQHandler              
0000085b  UsageFault_Handler            
4000480c  WDTCTL_SYM                    
0000085b  WDT_A_IRQHandler              
20010000  __STACK_END                   
00000200  __STACK_SIZE                  
00000880  __TI_CINIT_Base               
00000888  __TI_CINIT_Limit              
00000878  __TI_Handler_Table_Base       
00000880  __TI_Handler_Table_Limit      
000007c9  __TI_auto_init_nobinit_nopinit
00000761  __TI_decompress_lzss          
00000841  __TI_decompress_none          
ffffffff  __TI_pprof_out_hndl           
ffffffff  __TI_prof_data_size           
ffffffff  __TI_prof_data_start          
00000000  __TI_static_base__            
000006c5  __aeabi_memcpy                
000006c5  __aeabi_memcpy4               
000006c5  __aeabi_memcpy8               
ffffffff  __binit__                     
ffffffff  __c_args__                    
UNDEFED   __mpu_init                    
2000fe00  __stack                       
20000000  __start___llvm_prf_cnts       
20000000  __stop___llvm_prf_cnts        
0000080d  _c_int00_noargs               
UNDEFED   _system_post_cinit            
0000085d  _system_pre_init              
00000861  abort                         
ffffffff  binit                         
20000000  exceedThreshold               
00000000  interruptVectors              
00000419  main                          
000006c5  memcpy                        
20000002  tic                           


GLOBAL SYMBOLS: SORTED BY Symbol Address 

address   name                          
-------   ----                          
00000000  __TI_static_base__            
00000000  interruptVectors              
000000e5  SystemCoreClockUpdate         
00000200  __STACK_SIZE                  
0000035d  SystemInit                    
00000419  main                          
000005a1  TA0_0_IRQHandler              
000005a1  TA0_0_IRQHandler              
000005f1  ADC14_IRQHandler              
000005f1  ADC14_IRQHandler              
00000613  PORT5_IRQHandler              
00000613  PORT5_IRQHandler              
000006c5  __aeabi_memcpy                
000006c5  __aeabi_memcpy4               
000006c5  __aeabi_memcpy8               
000006c5  memcpy                        
00000761  __TI_decompress_lzss          
000007c9  __TI_auto_init_nobinit_nopinit
0000080d  _c_int00_noargs               
00000841  __TI_decompress_none          
0000084f  Reset_Handler                 
0000085b  AES256_IRQHandler             
0000085b  BusFault_Handler              
0000085b  COMP_E0_IRQHandler            
0000085b  COMP_E1_IRQHandler            
0000085b  CS_IRQHandler                 
0000085b  DMA_ERR_IRQHandler            
0000085b  DMA_INT0_IRQHandler           
0000085b  DMA_INT1_IRQHandler           
0000085b  DMA_INT2_IRQHandler           
0000085b  DMA_INT3_IRQHandler           
0000085b  DebugMon_Handler              
0000085b  Default_Handler               
0000085b  EUSCIA0_IRQHandler            
0000085b  EUSCIA1_IRQHandler            
0000085b  EUSCIA2_IRQHandler            
0000085b  EUSCIA3_IRQHandler            
0000085b  EUSCIB0_IRQHandler            
0000085b  EUSCIB1_IRQHandler            
0000085b  EUSCIB2_IRQHandler            
0000085b  EUSCIB3_IRQHandler            
0000085b  FLCTL_IRQHandler              
0000085b  FPU_IRQHandler                
0000085b  HardFault_Handler             
0000085b  MemManage_Handler             
0000085b  NMI_Handler                   
0000085b  PCM_IRQHandler                
0000085b  PORT1_IRQHandler              
0000085b  PORT2_IRQHandler              
0000085b  PORT3_IRQHandler              
0000085b  PORT4_IRQHandler              
0000085b  PORT6_IRQHandler              
0000085b  PSS_IRQHandler                
0000085b  PendSV_Handler                
0000085b  RTC_C_IRQHandler              
0000085b  SVC_Handler                   
0000085b  SysTick_Handler               
0000085b  T32_INT1_IRQHandler           
0000085b  T32_INT2_IRQHandler           
0000085b  T32_INTC_IRQHandler           
0000085b  TA0_N_IRQHandler              
0000085b  TA1_0_IRQHandler              
0000085b  TA1_N_IRQHandler              
0000085b  TA2_0_IRQHandler              
0000085b  TA2_N_IRQHandler              
0000085b  TA3_0_IRQHandler              
0000085b  TA3_N_IRQHandler              
0000085b  UsageFault_Handler            
0000085b  WDT_A_IRQHandler              
0000085d  _system_pre_init              
00000861  C$$EXIT                       
00000861  abort                         
00000878  __TI_Handler_Table_Base       
00000880  __TI_CINIT_Base               
00000880  __TI_Handler_Table_Limit      
00000888  __TI_CINIT_Limit              
20000000  __start___llvm_prf_cnts       
20000000  __stop___llvm_prf_cnts        
20000000  exceedThreshold               
20000002  tic                           
20000004  SystemCoreClock               
2000fe00  __stack                       
20010000  __STACK_END                   
4000480c  WDTCTL_SYM                    
ffffffff  __TI_pprof_out_hndl           
ffffffff  __TI_prof_data_size           
ffffffff  __TI_prof_data_start          
ffffffff  __binit__                     
ffffffff  __c_args__                    
ffffffff  binit                         
UNDEFED   __mpu_init                    
UNDEFED   _system_post_cinit            

[92 symbols]
